; ModuleID = 'test'
source_filename = "test"
target datalayout = "e-m:e-p270:32:32-p271:32:32-p272:64:64-i64:64-f80:128-n8:16:32:64-S128"
target triple = "x86_64-unknown-linux-gnu"

declare dso_local i32 @__gxx_personality_v0(...)

; Function Attrs: uwtable
define available_externally dso_local i32 @_ZN7PochiVM16ReflectionHelper23function_wrapper_helperIXadL_Z27TestConstPrimitiveTypeParamRKiRiRPS2_RPiRKS7_RKS5_EEE15call_fn_wrapperIivE4callIJiS7_PS5_PS7_S7_S5_EEEiDpT_(i32 %0, i32* %1, i32** %2, i32** %3, i32* %4, i32* %5) #0 align 2 personality i32 (...)* @__gxx_personality_v0 {
  %7 = load i32, i32* %1, align 4, !tbaa !4
  %8 = add nsw i32 %7, %0
  %9 = load i32*, i32** %2, align 8, !tbaa !8
  %10 = load i32, i32* %9, align 4, !tbaa !4
  %11 = add nsw i32 %8, %10
  %12 = load i32*, i32** %3, align 8, !tbaa !8
  %13 = load i32, i32* %12, align 4, !tbaa !4
  %14 = add nsw i32 %11, %13
  %15 = load i32, i32* %4, align 4, !tbaa !4
  %16 = add nsw i32 %14, %15
  %17 = load i32, i32* %5, align 4, !tbaa !4
  %18 = add nsw i32 %16, %17
  ret i32 %18
}

define i32 @testfn(i32* %_param_0) personality i32 (...)* @__gxx_personality_v0 {
entry:
  %param_0 = alloca i32*
  %var_1 = alloca i32
  br label %body

body:                                             ; preds = %entry
  store i32* %_param_0, i32** %param_0
  store i32 3, i32* %var_1
  %0 = load i32*, i32** %param_0
  %1 = call i32 @_ZN7PochiVM16ReflectionHelper23function_wrapper_helperIXadL_Z27TestConstPrimitiveTypeParamRKiRiRPS2_RPiRKS7_RKS5_EEE15call_fn_wrapperIivE4callIJiS7_PS5_PS7_S7_S5_EEEiDpT_(i32 1, i32* %0, i32** %param_0, i32** %param_0, i32* %var_1, i32* %var_1)
  ret i32 %1
}

attributes #0 = { uwtable "correctly-rounded-divide-sqrt-fp-math"="false" "disable-tail-calls"="false" "frame-pointer"="none" "less-precise-fpmad"="false" "min-legal-vector-width"="0" "no-infs-fp-math"="false" "no-jump-tables"="false" "no-nans-fp-math"="false" "no-signed-zeros-fp-math"="false" "no-trapping-math"="false" "stack-protector-buffer-size"="8" "unsafe-fp-math"="false" "use-soft-float"="false" }

!llvm.ident = !{!0}
!llvm.module.flags = !{!1, !2, !3}

!0 = !{!"clang version 10.0.0 "}
!1 = !{i32 7, !"Dwarf Version", i32 4}
!2 = !{i32 2, !"Debug Info Version", i32 3}
!3 = !{i32 1, !"wchar_size", i32 4}
!4 = !{!5, !5, i64 0}
!5 = !{!"int", !6, i64 0}
!6 = !{!"omnipotent char", !7, i64 0}
!7 = !{!"Simple C++ TBAA"}
!8 = !{!9, !9, i64 0}
!9 = !{!"any pointer", !6, i64 0}
