; ModuleID = 'test'
source_filename = "test"
target datalayout = "e-m:e-p270:32:32-p271:32:32-p272:64:64-i64:64-f80:128-n8:16:32:64-S128"
target triple = "x86_64-unknown-linux-gnu"

%class.TestDestructorThrow = type { i32 }
%"struct.PochiVM::ReflectionHelper::tpl_sequence.4" = type { i8 }

declare dso_local i32 @__gxx_personality_v0(...)

; Function Attrs: noinline nounwind optnone uwtable
define available_externally dso_local void @_ZN7PochiVM16ReflectionHelper25destructor_wrapper_helperI19TestDestructorThrowE9wrapperFnEPS2_(%class.TestDestructorThrow* %0) #0 align 2 {
  %2 = alloca %class.TestDestructorThrow*, align 8
  store %class.TestDestructorThrow* %0, %class.TestDestructorThrow** %2, align 8
  %3 = load %class.TestDestructorThrow*, %class.TestDestructorThrow** %2, align 8
  call void @_ZN19TestDestructorThrowD2Ev(%class.TestDestructorThrow* %3) #2
  ret void
}

; Function Attrs: noinline nounwind optnone uwtable
declare dso_local void @_ZN19TestDestructorThrowD2Ev(%class.TestDestructorThrow*) unnamed_addr #0 align 2

; Function Attrs: noinline optnone uwtable
define available_externally dso_local void @_ZN7PochiVM16ReflectionHelper26constructor_wrapper_helperI19TestDestructorThrowJiEE4callIJiEEEvPS2_DpT_(%class.TestDestructorThrow* %0, i32 %1) #1 align 2 {
  %3 = alloca %class.TestDestructorThrow*, align 8
  %4 = alloca i32, align 4
  %5 = alloca %"struct.PochiVM::ReflectionHelper::tpl_sequence.4", align 1
  store %class.TestDestructorThrow* %0, %class.TestDestructorThrow** %3, align 8
  store i32 %1, i32* %4, align 4
  %6 = load %class.TestDestructorThrow*, %class.TestDestructorThrow** %3, align 8
  %7 = load i32, i32* %4, align 4
  call void @_ZN7PochiVM16ReflectionHelper26constructor_wrapper_helperI19TestDestructorThrowJiEE9call_implIJLi0EEJiEEEvNS0_12tpl_sequenceIJXspT_EEEEPS2_DpT0_(%class.TestDestructorThrow* %6, i32 %7)
  ret void
}

; Function Attrs: noinline optnone uwtable
declare dso_local void @_ZN7PochiVM16ReflectionHelper26constructor_wrapper_helperI19TestDestructorThrowJiEE9call_implIJLi0EEJiEEEvNS0_12tpl_sequenceIJXspT_EEEEPS2_DpT0_(%class.TestDestructorThrow*, i32) #1 align 2

define void @testfn(i32 %_param_0) personality i32 (...)* @__gxx_personality_v0 {
entry:
  %param_0 = alloca i32
  %var_1 = alloca %class.TestDestructorThrow
  br label %body

body:                                             ; preds = %entry
  store i32 %_param_0, i32* %param_0
  %0 = load i32, i32* %param_0
  call void @_ZN7PochiVM16ReflectionHelper26constructor_wrapper_helperI19TestDestructorThrowJiEE4callIJiEEEvPS2_DpT_(%class.TestDestructorThrow* %var_1, i32 %0)
  call void @_ZN7PochiVM16ReflectionHelper25destructor_wrapper_helperI19TestDestructorThrowE9wrapperFnEPS2_(%class.TestDestructorThrow* %var_1)
  ret void
}

attributes #0 = { noinline nounwind optnone uwtable "correctly-rounded-divide-sqrt-fp-math"="false" "disable-tail-calls"="false" "frame-pointer"="all" "less-precise-fpmad"="false" "min-legal-vector-width"="0" "no-infs-fp-math"="false" "no-jump-tables"="false" "no-nans-fp-math"="false" "no-signed-zeros-fp-math"="false" "no-trapping-math"="false" "stack-protector-buffer-size"="8" "unsafe-fp-math"="false" "use-soft-float"="false" }
attributes #1 = { noinline optnone uwtable "correctly-rounded-divide-sqrt-fp-math"="false" "disable-tail-calls"="false" "frame-pointer"="all" "less-precise-fpmad"="false" "min-legal-vector-width"="0" "no-infs-fp-math"="false" "no-jump-tables"="false" "no-nans-fp-math"="false" "no-signed-zeros-fp-math"="false" "no-trapping-math"="false" "stack-protector-buffer-size"="8" "unsafe-fp-math"="false" "use-soft-float"="false" }
attributes #2 = { nounwind }

!llvm.ident = !{!0, !0}
!llvm.module.flags = !{!1, !2, !3}

!0 = !{!"clang version 10.0.0 "}
!1 = !{i32 7, !"Dwarf Version", i32 4}
!2 = !{i32 2, !"Debug Info Version", i32 3}
!3 = !{i32 1, !"wchar_size", i32 4}
