; ModuleID = 'test'
source_filename = "test"
target datalayout = "e-m:e-p270:32:32-p271:32:32-p272:64:64-i64:64-f80:128-n8:16:32:64-S128"
target triple = "x86_64-unknown-linux-gnu"

%"class.std::vector" = type { %"struct.std::_Vector_base" }
%"struct.std::_Vector_base" = type { %"struct.std::_Vector_base<int, std::allocator<int> >::_Vector_impl" }
%"struct.std::_Vector_base<int, std::allocator<int> >::_Vector_impl" = type { i32*, i32*, i32* }

; Function Attrs: uwtable
define available_externally dso_local void @_ZN7PochiVM16ReflectionHelper26constructor_wrapper_helperISt6vectorIiSaIiEEJEE4callIJEEEvPS4_DpT_(%"class.std::vector"* %0) #0 align 2 personality i32 (...)* @__gxx_personality_v0 {
  %2 = bitcast %"class.std::vector"* %0 to i8*
  tail call void @llvm.memset.p0i8.i64(i8* nonnull align 8 dereferenceable(24) %2, i8 0, i64 24, i1 false) #3
  ret void
}

declare dso_local i32 @__gxx_personality_v0(...)

; Function Attrs: argmemonly nounwind willreturn
declare void @llvm.memset.p0i8.i64(i8* nocapture writeonly, i8, i64, i1 immarg) #1

; Function Attrs: inlinehint uwtable
define available_externally dso_local void @_Z13CopyVectorIntPSt6vectorIiSaIiEES2_(%"class.std::vector"* %0, %"class.std::vector"* %1) #2 {
  %3 = tail call dereferenceable(24) %"class.std::vector"* @_ZNSt6vectorIiSaIiEEaSERKS1_(%"class.std::vector"* %0, %"class.std::vector"* dereferenceable(24) %1)
  ret void
}

; Function Attrs: uwtable
declare dso_local dereferenceable(24) %"class.std::vector"* @_ZNSt6vectorIiSaIiEEaSERKS1_(%"class.std::vector"*, %"class.std::vector"* dereferenceable(24)) local_unnamed_addr #0 align 2

define void @testfn(%"class.std::vector"* %_param_0) {
entry:
  %param_0 = alloca %"class.std::vector"*
  %var_1 = alloca %"class.std::vector"
  br label %body

body:                                             ; preds = %entry
  store %"class.std::vector"* %_param_0, %"class.std::vector"** %param_0
  call void @_ZN7PochiVM16ReflectionHelper26constructor_wrapper_helperISt6vectorIiSaIiEEJEE4callIJEEEvPS4_DpT_(%"class.std::vector"* %var_1)
  %0 = load %"class.std::vector"*, %"class.std::vector"** %param_0
  call void @_Z13CopyVectorIntPSt6vectorIiSaIiEES2_(%"class.std::vector"* %0, %"class.std::vector"* %var_1)
  ret void
}

attributes #0 = { uwtable "correctly-rounded-divide-sqrt-fp-math"="false" "disable-tail-calls"="false" "frame-pointer"="none" "less-precise-fpmad"="false" "min-legal-vector-width"="0" "no-infs-fp-math"="false" "no-jump-tables"="false" "no-nans-fp-math"="false" "no-signed-zeros-fp-math"="false" "no-trapping-math"="false" "stack-protector-buffer-size"="8" "unsafe-fp-math"="false" "use-soft-float"="false" }
attributes #1 = { argmemonly nounwind willreturn }
attributes #2 = { inlinehint uwtable "correctly-rounded-divide-sqrt-fp-math"="false" "disable-tail-calls"="false" "frame-pointer"="none" "less-precise-fpmad"="false" "min-legal-vector-width"="0" "no-infs-fp-math"="false" "no-jump-tables"="false" "no-nans-fp-math"="false" "no-signed-zeros-fp-math"="false" "no-trapping-math"="false" "stack-protector-buffer-size"="8" "unsafe-fp-math"="false" "use-soft-float"="false" }
attributes #3 = { nounwind }

!llvm.ident = !{!0, !0}
!llvm.module.flags = !{!1, !2, !3}

!0 = !{!"clang version 10.0.0 "}
!1 = !{i32 7, !"Dwarf Version", i32 4}
!2 = !{i32 2, !"Debug Info Version", i32 3}
!3 = !{i32 1, !"wchar_size", i32 4}
