; ModuleID = 'test'
source_filename = "test"
target datalayout = "e-m:e-p270:32:32-p271:32:32-p272:64:64-i64:64-f80:128-n8:16:32:64-S128"
target triple = "x86_64-unknown-linux-gnu"

%"class.std::vector" = type { %"struct.std::_Vector_base" }
%"struct.std::_Vector_base" = type { %"struct.std::_Vector_base<int, std::allocator<int> >::_Vector_impl" }
%"struct.std::_Vector_base<int, std::allocator<int> >::_Vector_impl" = type { i32*, i32*, i32* }

; Function Attrs: uwtable
declare dso_local void @_ZN7PochiVM16ReflectionHelper26constructor_wrapper_helperISt6vectorIiSaIiEEJmiEE4callIJmiEEEvPS4_DpT_(%"class.std::vector"*, i64, i32) local_unnamed_addr #0 align 2

; Function Attrs: uwtable
declare dso_local dereferenceable(24) %"class.std::vector"* @_ZNSt6vectorIiSaIiEEaSERKS1_(%"class.std::vector"*, %"class.std::vector"* dereferenceable(24)) local_unnamed_addr #0 align 2

define void @testfn(%"class.std::vector"* %_param_0, i64 %_param_1, i32 %_param_2) local_unnamed_addr {
entry:
  %var_3 = alloca %"class.std::vector", align 8
  call void @_ZN7PochiVM16ReflectionHelper26constructor_wrapper_helperISt6vectorIiSaIiEEJmiEE4callIJmiEEEvPS4_DpT_(%"class.std::vector"* nonnull %var_3, i64 %_param_1, i32 %_param_2)
  %0 = call dereferenceable(24) %"class.std::vector"* @_ZNSt6vectorIiSaIiEEaSERKS1_(%"class.std::vector"* %_param_0, %"class.std::vector"* nonnull dereferenceable(24) %var_3)
  ret void
}

attributes #0 = { uwtable "correctly-rounded-divide-sqrt-fp-math"="false" "disable-tail-calls"="false" "frame-pointer"="none" "less-precise-fpmad"="false" "min-legal-vector-width"="0" "no-infs-fp-math"="false" "no-jump-tables"="false" "no-nans-fp-math"="false" "no-signed-zeros-fp-math"="false" "no-trapping-math"="false" "stack-protector-buffer-size"="8" "unsafe-fp-math"="false" "use-soft-float"="false" }

!llvm.ident = !{!0, !0}
!llvm.module.flags = !{!1, !2, !3}

!0 = !{!"clang version 10.0.0 "}
!1 = !{i32 7, !"Dwarf Version", i32 4}
!2 = !{i32 2, !"Debug Info Version", i32 3}
!3 = !{i32 1, !"wchar_size", i32 4}
