; ModuleID = 'test'
source_filename = "test"
target datalayout = "e-m:e-p270:32:32-p271:32:32-p272:64:64-i64:64-f80:128-n8:16:32:64-S128"
target triple = "x86_64-unknown-linux-gnu"

declare dso_local i32 @__gxx_personality_v0(...)

; Function Attrs: noinline optnone uwtable
define available_externally dso_local i32 @_ZN7PochiVM16ReflectionHelper23function_wrapper_helperIXadL_Z27TestConstPrimitiveTypeParamRKiRiRPS2_RPiRKS7_RKS5_EEE15call_fn_wrapperIivE4callIJiS7_PS5_PS7_S7_S5_EEEiDpT_(i32 %0, i32* %1, i32** %2, i32** %3, i32* %4, i32* %5) #0 align 2 {
  %7 = alloca i32, align 4
  %8 = alloca i32*, align 8
  %9 = alloca i32**, align 8
  %10 = alloca i32**, align 8
  %11 = alloca i32*, align 8
  %12 = alloca i32*, align 8
  store i32 %0, i32* %7, align 4
  store i32* %1, i32** %8, align 8
  store i32** %2, i32*** %9, align 8
  store i32** %3, i32*** %10, align 8
  store i32* %4, i32** %11, align 8
  store i32* %5, i32** %12, align 8
  %13 = load i32, i32* %7, align 4
  %14 = load i32*, i32** %8, align 8
  %15 = load i32**, i32*** %9, align 8
  %16 = load i32**, i32*** %10, align 8
  %17 = load i32*, i32** %11, align 8
  %18 = load i32*, i32** %12, align 8
  %19 = call i32 @_ZN7PochiVM16ReflectionHelper23function_wrapper_helperIXadL_Z27TestConstPrimitiveTypeParamRKiRiRPS2_RPiRKS7_RKS5_EEE12call_fn_implIiJiS7_PS5_PS7_S7_S5_EEET_DpT0_(i32 %13, i32* %14, i32** %15, i32** %16, i32* %17, i32* %18)
  ret i32 %19
}

; Function Attrs: noinline optnone uwtable
declare dso_local i32 @_ZN7PochiVM16ReflectionHelper23function_wrapper_helperIXadL_Z27TestConstPrimitiveTypeParamRKiRiRPS2_RPiRKS7_RKS5_EEE12call_fn_implIiJiS7_PS5_PS7_S7_S5_EEET_DpT0_(i32, i32*, i32**, i32**, i32*, i32*) #0 align 2

define i32 @testfn(i32* %_param_0) personality i32 (...)* @__gxx_personality_v0 {
entry:
  %param_0 = alloca i32*
  %var_1 = alloca i32
  br label %body

body:                                             ; preds = %entry
  store i32* %_param_0, i32** %param_0
  store i32 3, i32* %var_1
  %0 = load i32*, i32** %param_0
  %1 = call i32 @_ZN7PochiVM16ReflectionHelper23function_wrapper_helperIXadL_Z27TestConstPrimitiveTypeParamRKiRiRPS2_RPiRKS7_RKS5_EEE15call_fn_wrapperIivE4callIJiS7_PS5_PS7_S7_S5_EEEiDpT_(i32 1, i32* %0, i32** %param_0, i32** %param_0, i32* %var_1, i32* %var_1)
  ret i32 %1
}

attributes #0 = { noinline optnone uwtable "correctly-rounded-divide-sqrt-fp-math"="false" "disable-tail-calls"="false" "frame-pointer"="all" "less-precise-fpmad"="false" "min-legal-vector-width"="0" "no-infs-fp-math"="false" "no-jump-tables"="false" "no-nans-fp-math"="false" "no-signed-zeros-fp-math"="false" "no-trapping-math"="false" "stack-protector-buffer-size"="8" "unsafe-fp-math"="false" "use-soft-float"="false" }

!llvm.ident = !{!0}
!llvm.module.flags = !{!1, !2, !3}

!0 = !{!"clang version 10.0.0 "}
!1 = !{i32 7, !"Dwarf Version", i32 4}
!2 = !{i32 2, !"Debug Info Version", i32 3}
!3 = !{i32 1, !"wchar_size", i32 4}
