; ModuleID = 'test'
source_filename = "test"
target datalayout = "e-m:e-p270:32:32-p271:32:32-p272:64:64-i64:64-f80:128-n8:16:32:64-S128"
target triple = "x86_64-unknown-linux-gnu"

%"class.std::vector" = type { %"struct.std::_Vector_base" }
%"struct.std::_Vector_base" = type { %"struct.std::_Vector_base<int, std::allocator<int> >::_Vector_impl" }
%"struct.std::_Vector_base<int, std::allocator<int> >::_Vector_impl" = type { i32*, i32*, i32* }

declare dso_local i32 @__gxx_personality_v0(...)

; Function Attrs: argmemonly nounwind willreturn
declare void @llvm.memset.p0i8.i64(i8* nocapture writeonly, i8, i64, i1 immarg) #0

; Function Attrs: noreturn
declare dso_local void @_ZSt17__throw_bad_allocv() local_unnamed_addr #1

; Function Attrs: nobuiltin nofree
declare dso_local noalias nonnull i8* @_Znwm(i64) local_unnamed_addr #2

; Function Attrs: uwtable
declare dso_local dereferenceable(24) %"class.std::vector"* @_ZNSt6vectorIiSaIiEEaSERKS1_(%"class.std::vector"*, %"class.std::vector"* dereferenceable(24)) local_unnamed_addr #3 align 2

define void @testfn(%"class.std::vector"* %_param_0, i64 %_param_1) local_unnamed_addr personality i32 (...)* @__gxx_personality_v0 {
entry:
  %var_2 = alloca %"class.std::vector", align 8
  %0 = bitcast %"class.std::vector"* %var_2 to i8*
  call void @llvm.memset.p0i8.i64(i8* nonnull align 8 dereferenceable(24) %0, i8 0, i64 24, i1 false) #4
  %1 = icmp eq i64 %_param_1, 0
  br i1 %1, label %9, label %2

2:                                                ; preds = %entry
  %3 = icmp ugt i64 %_param_1, 4611686018427387903
  br i1 %3, label %4, label %5

4:                                                ; preds = %2
  tail call void @_ZSt17__throw_bad_allocv() #5
  unreachable

5:                                                ; preds = %2
  %6 = shl nuw i64 %_param_1, 2
  %7 = tail call i8* @_Znwm(i64 %6)
  %8 = bitcast i8* %7 to i32*
  br label %9

9:                                                ; preds = %5, %entry
  %10 = phi i32* [ %8, %5 ], [ null, %entry ]
  %11 = getelementptr inbounds %"class.std::vector", %"class.std::vector"* %var_2, i64 0, i32 0, i32 0, i32 0
  store i32* %10, i32** %11, align 8, !tbaa !4
  %12 = getelementptr inbounds %"class.std::vector", %"class.std::vector"* %var_2, i64 0, i32 0, i32 0, i32 1
  store i32* %10, i32** %12, align 8, !tbaa !10
  %13 = getelementptr i32, i32* %10, i64 %_param_1
  %14 = getelementptr inbounds %"class.std::vector", %"class.std::vector"* %var_2, i64 0, i32 0, i32 0, i32 2
  store i32* %13, i32** %14, align 8, !tbaa !11
  br i1 %1, label %_ZN7PochiVM16ReflectionHelper26constructor_wrapper_helperISt6vectorIiSaIiEEJmEE4callIJmEEEvPS4_DpT_.exit, label %15

15:                                               ; preds = %9
  %16 = bitcast i32* %10 to i8*
  %17 = shl nuw i64 %_param_1, 2
  tail call void @llvm.memset.p0i8.i64(i8* align 4 %16, i8 0, i64 %17, i1 false)
  br label %_ZN7PochiVM16ReflectionHelper26constructor_wrapper_helperISt6vectorIiSaIiEEJmEE4callIJmEEEvPS4_DpT_.exit

_ZN7PochiVM16ReflectionHelper26constructor_wrapper_helperISt6vectorIiSaIiEEJmEE4callIJmEEEvPS4_DpT_.exit: ; preds = %9, %15
  %18 = phi i32* [ %10, %9 ], [ %13, %15 ]
  store i32* %18, i32** %12, align 8, !tbaa !10
  %19 = call dereferenceable(24) %"class.std::vector"* @_ZNSt6vectorIiSaIiEEaSERKS1_(%"class.std::vector"* %_param_0, %"class.std::vector"* nonnull dereferenceable(24) %var_2)
  ret void
}

attributes #0 = { argmemonly nounwind willreturn }
attributes #1 = { noreturn "correctly-rounded-divide-sqrt-fp-math"="false" "disable-tail-calls"="false" "frame-pointer"="none" "less-precise-fpmad"="false" "no-infs-fp-math"="false" "no-nans-fp-math"="false" "no-signed-zeros-fp-math"="false" "no-trapping-math"="false" "stack-protector-buffer-size"="8" "unsafe-fp-math"="false" "use-soft-float"="false" }
attributes #2 = { nobuiltin nofree "correctly-rounded-divide-sqrt-fp-math"="false" "disable-tail-calls"="false" "frame-pointer"="none" "less-precise-fpmad"="false" "no-infs-fp-math"="false" "no-nans-fp-math"="false" "no-signed-zeros-fp-math"="false" "no-trapping-math"="false" "stack-protector-buffer-size"="8" "unsafe-fp-math"="false" "use-soft-float"="false" }
attributes #3 = { uwtable "correctly-rounded-divide-sqrt-fp-math"="false" "disable-tail-calls"="false" "frame-pointer"="none" "less-precise-fpmad"="false" "min-legal-vector-width"="0" "no-infs-fp-math"="false" "no-jump-tables"="false" "no-nans-fp-math"="false" "no-signed-zeros-fp-math"="false" "no-trapping-math"="false" "stack-protector-buffer-size"="8" "unsafe-fp-math"="false" "use-soft-float"="false" }
attributes #4 = { nounwind }
attributes #5 = { noreturn }

!llvm.ident = !{!0, !0}
!llvm.module.flags = !{!1, !2, !3}

!0 = !{!"clang version 10.0.0 "}
!1 = !{i32 7, !"Dwarf Version", i32 4}
!2 = !{i32 2, !"Debug Info Version", i32 3}
!3 = !{i32 1, !"wchar_size", i32 4}
!4 = !{!5, !7, i64 0}
!5 = !{!"_ZTSSt12_Vector_baseIiSaIiEE", !6, i64 0}
!6 = !{!"_ZTSNSt12_Vector_baseIiSaIiEE12_Vector_implE", !7, i64 0, !7, i64 8, !7, i64 16}
!7 = !{!"any pointer", !8, i64 0}
!8 = !{!"omnipotent char", !9, i64 0}
!9 = !{!"Simple C++ TBAA"}
!10 = !{!5, !7, i64 8}
!11 = !{!5, !7, i64 16}
