; ModuleID = '_ZN7PochiVM16ReflectionHelper23function_wrapper_helperIXadL_Z21FreeFnTestSmallClass214TestSmallClassS2_S2_EEE15call_fn_wrapperIS2_vE4callIJPS2_S7_S7_EEEvS7_DpT_'
source_filename = "../../runtime/pochivm_register_runtime.cpp"
target datalayout = "e-m:e-p270:32:32-p271:32:32-p272:64:64-i64:64-f80:128-n8:16:32:64-S128"
target triple = "x86_64-unknown-linux-gnu"

%class.TestSmallClass = type <{ %class.TestLargeClass*, i8, i8, i16, [4 x i8] }>
%class.TestLargeClass = type { i64, i64, i16, i32, %class.TestSmallClass* }

declare dso_local i32 @__gxx_personality_v0(...)

; Function Attrs: uwtable
define available_externally dso_local void @_ZN7PochiVM16ReflectionHelper23function_wrapper_helperIXadL_Z21FreeFnTestSmallClass214TestSmallClassS2_S2_EEE15call_fn_wrapperIS2_vE4callIJPS2_S7_S7_EEEvS7_DpT_(%class.TestSmallClass* %0, %class.TestSmallClass* %1, %class.TestSmallClass* %2, %class.TestSmallClass* %3) #0 align 2 personality i32 (...)* @__gxx_personality_v0 {
  %5 = getelementptr inbounds %class.TestSmallClass, %class.TestSmallClass* %1, i64 0, i32 0
  %6 = load %class.TestLargeClass*, %class.TestLargeClass** %5, align 8, !tbaa.struct !4
  %7 = getelementptr inbounds %class.TestSmallClass, %class.TestSmallClass* %1, i64 0, i32 1
  %8 = bitcast i8* %7 to i64*
  %9 = load i64, i64* %8, align 8, !tbaa.struct !4
  %10 = getelementptr inbounds %class.TestSmallClass, %class.TestSmallClass* %2, i64 0, i32 0
  %11 = load %class.TestLargeClass*, %class.TestLargeClass** %10, align 8, !tbaa.struct !4
  %12 = getelementptr inbounds %class.TestSmallClass, %class.TestSmallClass* %2, i64 0, i32 1
  %13 = bitcast i8* %12 to i64*
  %14 = load i64, i64* %13, align 8, !tbaa.struct !4
  %15 = getelementptr inbounds %class.TestSmallClass, %class.TestSmallClass* %3, i64 0, i32 0
  %16 = load %class.TestLargeClass*, %class.TestLargeClass** %15, align 8, !tbaa.struct !4
  %17 = getelementptr inbounds %class.TestSmallClass, %class.TestSmallClass* %3, i64 0, i32 1
  %18 = bitcast i8* %17 to i64*
  %19 = load i64, i64* %18, align 8, !tbaa.struct !4
  %20 = tail call { %class.TestLargeClass*, i64 } @_Z21FreeFnTestSmallClass214TestSmallClassS_S_(%class.TestLargeClass* %6, i64 %9, %class.TestLargeClass* %11, i64 %14, %class.TestLargeClass* %16, i64 %19)
  %21 = getelementptr %class.TestSmallClass, %class.TestSmallClass* %0, i64 0, i32 0
  %22 = extractvalue { %class.TestLargeClass*, i64 } %20, 0
  store %class.TestLargeClass* %22, %class.TestLargeClass** %21, align 8
  %23 = getelementptr inbounds %class.TestSmallClass, %class.TestSmallClass* %0, i64 0, i32 1
  %24 = bitcast i8* %23 to i64*
  %25 = extractvalue { %class.TestLargeClass*, i64 } %20, 1
  store i64 %25, i64* %24, align 8
  ret void
}

; Function Attrs: norecurse nounwind readnone uwtable
define available_externally dso_local { %class.TestLargeClass*, i64 } @_Z21FreeFnTestSmallClass214TestSmallClassS_S_(%class.TestLargeClass* %0, i64 %1, %class.TestLargeClass* nocapture readnone %2, i64 %3, %class.TestLargeClass* nocapture readnone %4, i64 %5) #1 {
  %7 = and i64 %1, 4294901760
  %8 = add i64 %7, %3
  %9 = and i64 %8, 4294901760
  %10 = and i64 %1, -4294902016
  %11 = or i64 %9, %10
  %12 = add i64 %5, %1
  %13 = and i64 %12, 255
  %14 = or i64 %11, %13
  %15 = insertvalue { %class.TestLargeClass*, i64 } undef, %class.TestLargeClass* %0, 0
  %16 = insertvalue { %class.TestLargeClass*, i64 } %15, i64 %14, 1
  ret { %class.TestLargeClass*, i64 } %16
}

attributes #0 = { uwtable "correctly-rounded-divide-sqrt-fp-math"="false" "disable-tail-calls"="false" "frame-pointer"="none" "less-precise-fpmad"="false" "min-legal-vector-width"="0" "no-infs-fp-math"="false" "no-jump-tables"="false" "no-nans-fp-math"="false" "no-signed-zeros-fp-math"="false" "no-trapping-math"="false" "stack-protector-buffer-size"="8" "target-cpu"="x86-64" "target-features"="+cx8,+fxsr,+mmx,+sse,+sse2,+x87" "unsafe-fp-math"="false" "use-soft-float"="false" }
attributes #1 = { norecurse nounwind readnone uwtable "correctly-rounded-divide-sqrt-fp-math"="false" "disable-tail-calls"="false" "frame-pointer"="none" "less-precise-fpmad"="false" "min-legal-vector-width"="0" "no-infs-fp-math"="false" "no-jump-tables"="false" "no-nans-fp-math"="false" "no-signed-zeros-fp-math"="false" "no-trapping-math"="false" "stack-protector-buffer-size"="8" "target-cpu"="x86-64" "target-features"="+cx8,+fxsr,+mmx,+sse,+sse2,+x87" "unsafe-fp-math"="false" "use-soft-float"="false" }

!llvm.module.flags = !{!0, !1, !2}
!llvm.ident = !{!3, !3}

!0 = !{i32 7, !"Dwarf Version", i32 4}
!1 = !{i32 2, !"Debug Info Version", i32 3}
!2 = !{i32 1, !"wchar_size", i32 4}
!3 = !{!"clang version 10.0.0 "}
!4 = !{i64 0, i64 8, !5, i64 8, i64 1, !9, i64 10, i64 2, !10}
!5 = !{!6, !6, i64 0}
!6 = !{!"any pointer", !7, i64 0}
!7 = !{!"omnipotent char", !8, i64 0}
!8 = !{!"Simple C++ TBAA"}
!9 = !{!7, !7, i64 0}
!10 = !{!11, !11, i64 0}
!11 = !{!"short", !7, i64 0}
